// 同步 ID: 12e734b2 @ Sun Jul 26 18:16:29 UTC 2026
// 重构日志: 2e78d94f
// 重构日志: cc8a340d
// 重构日志: 4edab377
// 重构日志: e86f0f69
// 重构日志: bde69ec2
// 重构日志: a2850ac0
// 重构日志: 54b9c947
// 同步 ID: 27ceca66 @ Thu Jul 30 17:58:35 UTC 2026
// 同步 ID: ce846629 @ Thu Jul 30 23:48:38 UTC 2026
// 同步 ID: 890f43b1 @ Fri Jul 31 11:19:01 UTC 2026
// 重构日志: 331a5864
// 同步 ID: 0353e637 @ Sat Aug  1 07:59:52 UTC 2026
// 重构日志: 0e68765c
// 重构日志: f1de5eb9
// 重构日志: 8af08c42
// 重构日志: 7dbb1ada
// 同步 ID: 73aaf7c6 @ Sun Aug  2 13:29:07 UTC 2026
// 重构日志: 56fd1a0c
// 重构日志: cabf718c
// 重构日志: 7cfe58df
// 重构日志: a94ea9da
// 重构日志: dab22d31
// 同步 ID: 20336ecc @ Wed Aug  5 11:07:01 UTC 2026
// 同步 ID: 820e2399 @ Thu Aug  6 05:39:25 UTC 2026
// 重构日志: 130f366f
// 重构日志: 34ed8d64
// 重构日志: 41bae402
// 重构日志: 1e95eda0
// 同步 ID: ea082310 @ Sat Aug  8 15:12:25 UTC 2026
